
======================================================================
python : Traceback (most recent call last):
At line:1 char:1
+ python train_oogway.py 2>&1 | Out-File -FilePath error_log.txt
+ ~~~~~~~~~~~~~~~~~~~~~~~~~~~
    + CategoryInfo          : NotSpecified: (Traceback (most recent call las 
   t)::String) [], RemoteException
    + FullyQualifiedErrorId : NativeCommandError
 
  File "C:\Users\nars7\wildlife-id\api\train_oogway.py", line 792, in 
<module>
    print("\U0001f422 OOGWAY TRAINING - Next Generation Wildlife Classifier")
  File "C:\Users\nars7\AppData\Local\Programs\Python\Python311\Lib\encodings\
cp1252.py", line 19, in encode
    return codecs.charmap_encode(input,self.errors,encoding_table)[0]
           ^^^^^^^^^^^^^^^^^^^^^^^^^^^^^^^^^^^^^^^^^^^^^^^^^^^^^^^
UnicodeEncodeError: 'charmap' codec can't encode character '\U0001f422' in 
position 0: character maps to <undefined>
